app_id,domain_sessionid,domain_sessionidx,start_tstamp,end_tstamp,user_id,domain_userid,network_userid,page_views,engaged_time_in_s,absolute_time_in_s,first_page_title,first_page_url,first_page_urlscheme,first_page_urlhost,first_page_urlpath,first_page_urlquery,first_page_urlfragment,last_page_title,last_page_url,last_page_urlscheme,last_page_urlhost,last_page_urlpath,last_page_urlquery,last_page_urlfragment,referrer,refr_urlscheme,refr_urlhost,refr_urlpath,refr_urlquery,refr_urlfragment,refr_medium,refr_source,refr_term,mkt_medium,mkt_source,mkt_term,mkt_content,mkt_campaign,mkt_clickid,mkt_network,geo_country,geo_region,geo_region_name,geo_city,geo_zipcode,geo_latitude,geo_longitude,geo_timezone,user_ipaddress,useragent,br_renderengine,br_lang,os_timezone,category,primary_impact,reason,spider_or_robot,useragent_family,useragent_major,useragent_minor,useragent_patch,useragent_version,os_family,os_major,os_minor,os_patch,os_patch_minor,os_version,device_family,device_class,agent_class,agent_name,agent_name_version,agent_name_version_major,agent_version,agent_version_major,device_brand,device_name,device_version,layout_engine_class,layout_engine_name,layout_engine_name_version,layout_engine_name_version_major,layout_engine_version,layout_engine_version_major,operating_system_class,operating_system_name,operating_system_name_version,operating_system_version
,067bcc8ea082fcaf940893b64943edc6b718f0dd1bc1bd5d054a507c64048318,1,2021-03-01 20:39:52.944 UTC,2021-03-01 20:59:19.860 UTC,dupe: event_id same collector_tstamp,bc0da66ea89bbb0991f1c37ecdc1830a97f1ed9e24296ef6dbf19635220a064e,508312389e03ec34ae2083cc3ba15ba6768b783a13d0816567fafce27ef83981,5,0,1167,eBook: Using data to develop killer products | Snowplow,https://snowplowanalytics.com/resources/product-analytics-ebook/?utm_source=google-ad&utm_medium=display&utm_campaign=product-analytics-new-ebook&creative=486771159105&keyword=&matchtype=&network=d&device=m&campaignid=11857971003&adgroupid=118244365394&adid=486771159105&gclid=Cj0KCQiAvvKBBhCXARIsACTePW8KY3WUt6QUTRyoI9fVb8Vftz_aZlW8mrqZ_ALTRCya8yuOOoKOvQUaAmChEALw_wcB,https,snowplowanalytics.com,/resources/product-analytics-ebook/,utm_source=google-ad&utm_medium=display&utm_campaign=product-analytics-new-ebook&creative=486771159105&keyword=&matchtype=&network=d&device=m&campaignid=11857971003&adgroupid=118244365394&adid=486771159105&gclid=Cj0KCQiAvvKBBhCXARIsACTePW8KY3WUt6QUTRyoI9fVb8Vftz_aZlW8mrqZ_ALTRCya8yuOOoKOvQUaAmChEALw_wcB,,White paper: Transform behavioral data into actional insights| Snowplow,https://snowplowanalytics.com/resources/data-utilization/?success=true,https,snowplowanalytics.com,/resources/data-utilization/,success=true,,,,,,,,,,,display,google-ad,,,product-analytics-new-ebook,Cj0KCQiAvvKBBhCXARIsACTePW8KY3WUt6QUTRyoI9fVb8Vftz_aZlW8mrqZ_ALTRCya8yuOOoKOvQUaAmChEALw_wcB,Google,DE,,,,,51.2993,9.491,Europe/Berlin,e5eb91e73cfd2782357af63310598fa54096945487adba2dcec8039b82c9703b,"Mozilla/5.0 (Linux; Android 8.1.0; TECNO B1f) AppleWebKit/537.36 (KHTML, like Gecko) Chrome/70.0.3538.110 Mobile Safari/537.36",,en-US,Asia/Baghdad,,,,,,,,,,,,,,,,,,,,,,,,,,,,,,,,,,,,
,2bfc2c760c3ac434953eefd7903789429c8a5f8171c4b8b26aee93108b77bd35,1,2021-03-01 21:39:43.815 UTC,2021-03-03 21:39:50.989 UTC,long session,4f011c929234934761dfff0bca3b5509a1b6d139560439e894a8d26a363654ad,3dbf6369fde3ce359786fd49194f705f54af3a53a8986b5de5bfbd717e2960a7,2,0,172807,White paper: Transform behavioral data into actional insights| Snowplow,https://snowplowanalytics.com/resources/data-utilization/?utm_source=google-ad&utm_medium=ppc&utm_campaign=data-utilization&utm_content=&creative=502863204369&keyword=data%20strategy&matchtype=e&network=g&device=m&campaignid=12477606708&adgroupid=119084231415&adid=502863204369&gclid=EAIaIQobChMI2K3yxpmp7wIVqhkGAB0wLAicEAAYAiAAEgKyYfD_BwE,https,snowplowanalytics.com,/resources/data-utilization/,utm_source=google-ad&utm_medium=ppc&utm_campaign=data-utilization&utm_content=&creative=502863204369&keyword=data%20strategy&matchtype=e&network=g&device=m&campaignid=12477606708&adgroupid=119084231415&adid=502863204369&gclid=EAIaIQobChMI2K3yxpmp7wIVqhkGAB0wLAicEAAYAiAAEgKyYfD_BwE,,"Collect, manage and operationalize behavioral data at scale | Snowplow",https://snowplowanalytics.com/,https,snowplowanalytics.com,/,,,https://www.google.co.uk,https,www.google.co.uk,,,,,,,ppc,google-ad,,,data-utilization,EAIaIQobChMI2K3yxpmp7wIVqhkGAB0wLAicEAAYAiAAEgKyYfD_BwE,Google,GB,SRY,Surrey,Redhill,RH1,51.24,-0.0973,Europe/London,b6f7f218091c897a4b22da806d763fc0fa808e30fca16a49b01305ca82b2fcb3,"Mozilla/5.0 (iPhone; CPU iPhone OS 14_4 like Mac OS X) AppleWebKit/605.1.15 (KHTML, like Gecko) Version/14.0.3 Mobile/15E148 Safari/604.1",,en-gb,Europe/London,,,,,,,,,,,,,,,,,,,,,,,,,,,,,,,,,,,,
,6b379f3eea11eb4ead878125af9cb708f8a91c455d9405b0bc617fa78c2e4291,1,2021-03-03 21:27:23.095 UTC,2021-03-03 21:27:35.176 UTC,dupe: event_id different collector_tstamp,5d27ff97148de9e5f1c23e8fd0a4382c06852969f6495def03c66599e676f449,db1c72c5e85289ee6e249e8810079cd431a5910c2a2b07f898045e89392af5fa,2,0,12,"Collect, manage and operationalize behavioral data at scale | Snowplow",https://snowplowanalytics.com/,https,snowplowanalytics.com,/,,,A data pipeline for advertisers and publishers | Snowplow,https://snowplowanalytics.com/advertising/,https,snowplowanalytics.com,/advertising/,,,,,,,,,,,,,,,,,,,AU,VIC,Victoria,Abbotsford,3067,-37.8061,145.0015,Australia/Melbourne,e7ce75361190830e7257dd13d2b93f1ce95cf28ac7abd89f661c20d437002f87,"Mozilla/5.0 (Macintosh; Intel Mac OS X 10_15_6) AppleWebKit/605.1.15 (KHTML, like Gecko) Version/14.0.3 Safari/605.1.15",,en-au,Australia/Sydney,,,,,,,,,,,,,,,,,,,,,,,,,,,,,,,,,,,,
,7605342329f0b916a4c1bcd8bddad038988920fb24f74ca9e7ada5d96df32c60,4,2021-03-02 19:25:22.756 UTC,2021-03-02 20:08:24.465 UTC,dupe: page_view_id different derived_tstamp,f897c486aa47cefa7478e3db62c797922b9fe006fc10fc05dd4b71abbbbdcae2,6948bc2069abe6386f0e961198b9afbf1b83e5b8c850f0eba62005b99dac3721,7,0,2582,"Collect, manage and operationalize behavioral data at scale | Snowplow",https://snowplowanalytics.com/,https,snowplowanalytics.com,/,,,Is it possible to use confluent cloud kafka sink? - Collectors - Discourse â€“ Snowplow,https://discourse.snowplowanalytics.com/t/is-it-possible-to-use-confluent-cloud-kafka-sink/2270,https,discourse.snowplowanalytics.com,/t/is-it-possible-to-use-confluent-cloud-kafka-sink/2270,,,https://www.google.com/,https,www.google.com,/,,,,,,,,,,,,,IE,L,Leinster,Dublin,D02,53.3338,-6.2488,Europe/Dublin,54eccd135a40e11d83dec2ddb1b0a6e208c8bd9379b0d80740c4ebf4ed60dedf,Mozilla/5.0 (X11; Ubuntu; Linux x86_64; rv:86.0) Gecko/20100101 Firefox/86.0,,en-US,Europe/Berlin,,,,,,,,,,,,,,,,,,,,,,,,,,,,,,,,,,,,
,0b0c7bb589ebd041177514f3e43446ca5d4343328936d2f8f12a42b41bf9140c,1,2021-03-02 15:55:18.539 UTC,2021-03-02 15:59:29.752 UTC,No edge cases,0691aaf040cd39a08408e62e5d015cc2cef433f1a95e5f6767d62d24bd4be237,cb14148aeccd3895346f44751cd42b054f92736c64bb2211da3cfde3d05ee285,4,45,251,Snowplow,http://localhost:3000/177234df-d425-412e-ad8d-8b97515b2807/getting-started,http,localhost,/177234df-d425-412e-ad8d-8b97515b2807/getting-started,,,Snowplow Insights,http://localhost:3000/177234df-d425-412e-ad8d-8b97515b2807/data-models/webmodel,http,localhost,/177234df-d425-412e-ad8d-8b97515b2807/data-models/webmodel,,,http://localhost:3000/177234df-d425-412e-ad8d-8b97515b2807/getting-started,http,localhost,/177234df-d425-412e-ad8d-8b97515b2807/getting-started,,,,,,,,,,,,,GB,HCK,Hackney,Hackney,E2,51.5507,-0.0537,Europe/London,437be6095cb6eb2c2cf770cbad44393ca34b96e3ac36727c8349689531ff35df,"Mozilla/5.0 (Macintosh; Intel Mac OS X 11_2_1) AppleWebKit/537.36 (KHTML, like Gecko) Chrome/88.0.4324.192 Safari/537.36",,en-GB,Europe/London,,,,,,,,,,,,,,,,,,,,,,,,,,,,,,,,,,,,
,540b6c4f7c15de9093e0f4f6cf45a062fba7606ce64558a0b1c5a34d8bb33af5,1,2021-03-02 15:55:18.539 UTC,2021-03-04 15:55:27.084 UTC,Rotating domain_userid per session,0e9ab97b5d9d9a174112df13fe9c44788af3ac9088a8b41e0998d92a8b4b5a4fc,cb14148aeccd3895346f44751cd42b054f92736c64bb2211da3cfde3d05ee285,3,0,172809,Snowplow,http://localhost:3000/177234df-d425-412e-ad8d-8b97515b2807/getting-started,http,localhost,/177234df-d425-412e-ad8d-8b97515b2807/getting-started,,,Snowplow Insights,http://localhost:3000/177234df-d425-412e-ad8d-8b97515b2807/data-models,http,localhost,/177234df-d425-412e-ad8d-8b97515b2807/data-models,,,http://localhost:3000/177234df-d425-412e-ad8d-8b97515b2807/getting-started,http,localhost,/177234df-d425-412e-ad8d-8b97515b2807/getting-started,,,,,,,,,,,,,GB,HCK,Hackney,Hackney,E2,51.5507,-0.0537,Europe/London,437be6095cb6eb2c2cf770cbad44393ca34b96e3ac36727c8349689531ff35df,"Mozilla/5.0 (Macintosh; Intel Mac OS X 11_2_1) AppleWebKit/537.36 (KHTML, like Gecko) Chrome/88.0.4324.192 Safari/537.36",,en-GB,Europe/London,,,,,,,,,,,,,,,,,,,,,,,,,,,,,,,,,,,,
